../Core/Src/main.c:80:5:main	16	static
../Core/Src/main.c:139:6:SystemClock_Config	88	static
../Core/Src/main.c:187:13:MX_TIM1_Init	32	static
../Core/Src/main.c:233:13:MX_USART2_UART_Init	8	static
../Core/Src/main.c:266:13:MX_GPIO_Init	48	static
../Core/Src/main.c:299:6:delay_us	16	static
../Core/Src/main.c:305:9:DS18B20_Init	16	static
../Core/Src/main.c:326:13:DS18B20_SetPinOutput	32	static
../Core/Src/main.c:338:13:DS18B20_SetPinInput	32	static
../Core/Src/main.c:347:13:DS18B20_WriteBit	16	static
../Core/Src/main.c:364:13:DS18B20_WriteByte	24	static
../Core/Src/main.c:371:16:DS18B20_ReadBit	16	static
../Core/Src/main.c:385:16:DS18B20_ReadByte	16	static
../Core/Src/main.c:397:7:DS18B20_ReadTemp	16	static
../Core/Src/main.c:437:6:Error_Handler	4	static,ignoring_inline_asm
